[2026-09-19T09:17:18Z] === ENRICH ITERATION 1 START | repo=pallets/jinja sha=1164cc36 ===
[2026-09-19T09:17:18Z] [iter=1] PHASE START: enrich repo=pallets/jinja sha=1164cc36 runlog=/home/runner/work/forx/forx/storage/aggregate/lsp/logs/1164cc36-enrich-iter-001.log output=/home/runner/work/forx/forx/storage/aggregate/lsp/1164cc361778a501317529aafa67b1180a4a15cd.nq.gz
[2026-09-19T09:17:18Z] [iter=1] Step 1: Loading AST into disk-backed store mem_mb=78 MB
[2026-09-19T09:17:32Z] [iter=1] AST store loaded triples=735384 load_secs=14 mem_mb=777 MB
[2026-09-19T09:17:32Z] [iter=1] Step 2: Finding LSP targets mem_mb=777 MB
[2026-09-19T09:17:33Z] [iter=1] LSP targets found call_sites=5558 imports=5 extends=0 implements=0 secs=1
[2026-09-19T09:17:34Z] [iter=1] Step 2.7: Building position index (one-shot, shared across resolvers) mem_mb=777 MB
[2026-09-19T09:17:37Z] [iter=1] Position index built positions=51237 nodes_with_types=66401 secs=3 mem_mb=777 MB
[2026-09-19T09:17:37Z] [iter=1] Step 3: Starting LSP resolution mem_mb=777 MB already_completed_types=[] already_completed_files=0
[2026-09-19T09:17:37Z] [iter=1] Resolving target type target_type=call_site count=5558
[2026-09-19T09:17:49Z] [iter=1] HEARTBEAT target_type=call_site elapsed_min=0.5 files_done=1 resolved=108 errors=34 current=src/jinja2/filters.py
[2026-09-19T09:18:20Z] [iter=1] HEARTBEAT target_type=call_site elapsed_min=1.0 files_done=6 resolved=643 errors=165 current=tests/test_api.py
[2026-09-19T09:20:18Z] [iter=1] HEARTBEAT target_type=call_site elapsed_min=3.0 files_done=13 resolved=1263 errors=821 current=tests/test_ext.py
[2026-09-19T09:20:48Z] [iter=1] HEARTBEAT target_type=call_site elapsed_min=3.5 files_done=19 resolved=1745 errors=964 current=src/jinja2/utils.py
[2026-09-19T09:21:25Z] [iter=1] HEARTBEAT target_type=call_site elapsed_min=4.1 files_done=26 resolved=1998 errors=1164 current=src/jinja2/loaders.py
[2026-09-19T09:22:08Z] [iter=1] HEARTBEAT target_type=call_site elapsed_min=4.8 files_done=30 resolved=2277 errors=1381 current=tests/test_nativetypes.py
[2026-09-19T09:22:37Z] [iter=1] Target type resolved target_type=call_site resolved=2726 errors=1505 secs=301 mem_mb=777 MB
[2026-09-19T09:22:37Z] [iter=1] Resolving target type target_type=import_statement count=5
[2026-09-19T09:22:38Z] [iter=1] Target type resolved target_type=import_statement resolved=4 errors=0 secs=1 mem_mb=777 MB
[2026-09-19T09:22:42Z] [iter=1] Step 5: Writing final enrichment file triples=48510
[2026-09-19T09:22:43Z] [iter=1] Enrichment file written path=/home/runner/work/forx/forx/storage/aggregate/lsp/1164cc361778a501317529aafa67b1180a4a15cd.nq.gz size_kb=924
[2026-09-19T09:22:43Z] [iter=1] PHASE END: enrich elapsed_s=325 elapsed_min=5.4 total_triples=48510
