[2026-09-20T02:33:11Z] === ENRICH ITERATION 1 START | repo=pallets/jinja sha=2ee64bc4 ===
[2026-09-20T02:33:11Z] [iter=1] PHASE START: enrich repo=pallets/jinja sha=2ee64bc4 runlog=/home/runner/work/forx/forx/storage/aggregate/lsp/logs/2ee64bc4-enrich-iter-001.log output=/home/runner/work/forx/forx/storage/aggregate/lsp/2ee64bc4020f83215399ad6c207d7cc4e744ffbd.nq.gz
[2026-09-20T02:33:11Z] [iter=1] Step 1: Loading AST into disk-backed store mem_mb=78 MB
[2026-09-20T02:33:18Z] [iter=1] AST store loaded triples=843517 load_secs=6 mem_mb=785 MB
[2026-09-20T02:33:18Z] [iter=1] Step 2: Finding LSP targets mem_mb=785 MB
[2026-09-20T02:33:19Z] [iter=1] LSP targets found call_sites=4503 imports=223 extends=133 implements=0 secs=2
[2026-09-20T02:33:21Z] [iter=1] Step 2.7: Building position index (one-shot, shared across resolvers) mem_mb=785 MB
[2026-09-20T02:33:24Z] [iter=1] Position index built positions=40881 nodes_with_types=53123 secs=4 mem_mb=785 MB
[2026-09-20T02:33:24Z] [iter=1] Step 3: Starting LSP resolution mem_mb=785 MB already_completed_types=[] already_completed_files=0
[2026-09-20T02:33:24Z] [iter=1] Resolving target type target_type=call_site count=4503
[2026-09-20T02:34:09Z] [iter=1] HEARTBEAT target_type=call_site elapsed_min=1.0 files_done=1 resolved=39 errors=119 current=jinja2/filters.py
[2026-09-20T02:36:32Z] [iter=1] HEARTBEAT target_type=call_site elapsed_min=3.3 files_done=3 resolved=319 errors=514 current=jinja2/parser.py
[2026-09-20T02:38:45Z] [iter=1] HEARTBEAT target_type=call_site elapsed_min=5.6 files_done=4 resolved=369 errors=824 current=jinja2/loaders.py
[2026-09-20T02:39:26Z] [iter=1] HEARTBEAT target_type=call_site elapsed_min=6.3 files_done=7 resolved=434 errors=944 current=jinja2/testsuite/ext.py
[2026-09-20T02:40:09Z] [iter=1] HEARTBEAT target_type=call_site elapsed_min=7.0 files_done=8 resolved=475 errors=1062 current=jinja2/testsuite/filters.py
[2026-09-20T02:40:45Z] [iter=1] HEARTBEAT target_type=call_site elapsed_min=7.6 files_done=9 resolved=494 errors=1164 current=ext/django2jinja/django2jinja.py
[2026-09-20T02:42:18Z] [iter=1] HEARTBEAT target_type=call_site elapsed_min=9.1 files_done=10 resolved=525 errors=1434 current=jinja2/nodes.py
[2026-09-20T02:43:01Z] [iter=1] HEARTBEAT target_type=call_site elapsed_min=9.8 files_done=11 resolved=581 errors=1559 current=jinja2/environment.py
[2026-09-20T02:43:49Z] [iter=1] HEARTBEAT target_type=call_site elapsed_min=10.6 files_done=12 resolved=642 errors=1695 current=jinja2/ext.py
[2026-09-20T02:44:21Z] [iter=1] HEARTBEAT target_type=call_site elapsed_min=11.2 files_done=13 resolved=698 errors=1758 current=jinja2/lexer.py
[2026-09-20T02:45:37Z] [iter=1] HEARTBEAT target_type=call_site elapsed_min=12.4 files_done=15 resolved=796 errors=1969 current=examples/bench.py
[2026-09-20T02:46:16Z] [iter=1] HEARTBEAT target_type=call_site elapsed_min=13.1 files_done=20 resolved=929 errors=2077 current=jinja2/runtime.py
[2026-09-20T02:46:51Z] [iter=1] HEARTBEAT target_type=call_site elapsed_min=13.7 files_done=23 resolved=995 errors=2177 current=jinja2/bccache.py
[2026-09-20T02:47:23Z] [iter=1] HEARTBEAT target_type=call_site elapsed_min=14.2 files_done=25 resolved=1023 errors=2268 current=jinja2/testsuite/debug.py
[2026-09-20T02:48:17Z] [iter=1] HEARTBEAT target_type=call_site elapsed_min=15.1 files_done=29 resolved=1072 errors=2425 current=jinja2/testsuite/core_tags.py
[2026-09-20T02:48:48Z] [iter=1] HEARTBEAT target_type=call_site elapsed_min=15.6 files_done=30 resolved=1098 errors=2514 current=jinja2/sandbox.py
[2026-09-20T02:49:20Z] [iter=1] HEARTBEAT target_type=call_site elapsed_min=16.1 files_done=37 resolved=1215 errors=2601 current=jinja2-debug.py
[2026-09-20T02:49:54Z] [iter=1] HEARTBEAT target_type=call_site elapsed_min=16.7 files_done=43 resolved=1251 errors=2701 current=ext/inlinegettext.py
[2026-09-20T02:50:25Z] [iter=1] HEARTBEAT target_type=call_site elapsed_min=17.2 files_done=63 resolved=1293 errors=2778 current=jinja2/_debugsupport.c
[2026-09-20T02:50:33Z] [iter=1] Target type resolved target_type=call_site resolved=1293 errors=2786 secs=1028 mem_mb=785 MB
[2026-09-20T02:50:33Z] [iter=1] Resolving target type target_type=import_statement count=223
[2026-09-20T02:50:36Z] [iter=1] Target type resolved target_type=import_statement resolved=194 errors=0 secs=3 mem_mb=785 MB
[2026-09-20T02:50:36Z] [iter=1] Resolving target type target_type=extends_clause count=133
[2026-09-20T02:50:38Z] [iter=1] Target type resolved target_type=extends_clause resolved=133 errors=0 secs=2 mem_mb=785 MB
[2026-09-20T02:50:44Z] [iter=1] Step 5: Writing final enrichment file triples=41557
[2026-09-20T02:50:45Z] [iter=1] Enrichment file written path=/home/runner/work/forx/forx/storage/aggregate/lsp/2ee64bc4020f83215399ad6c207d7cc4e744ffbd.nq.gz size_kb=980
[2026-09-20T02:50:45Z] [iter=1] PHASE END: enrich elapsed_s=1053 elapsed_min=17.6 total_triples=41557
