[2026-09-19T04:20:31Z] === ENRICH ITERATION 1 START | repo=pallets/jinja sha=5962edeb ===
[2026-09-19T04:20:31Z] [iter=1] PHASE START: enrich repo=pallets/jinja sha=5962edeb runlog=/home/runner/work/forx/forx/storage/aggregate/lsp/logs/5962edeb-enrich-iter-001.log output=/home/runner/work/forx/forx/storage/aggregate/lsp/5962edeb271d93687eb93f32d53ffe53f86871e0.nq.gz
[2026-09-19T04:20:31Z] [iter=1] Step 1: Loading AST into disk-backed store mem_mb=78 MB
[2026-09-19T04:20:38Z] [iter=1] AST store loaded triples=875499 load_secs=7 mem_mb=776 MB
[2026-09-19T04:20:38Z] [iter=1] Step 2: Finding LSP targets mem_mb=776 MB
[2026-09-19T04:20:40Z] [iter=1] LSP targets found call_sites=6010 imports=1 extends=0 implements=0 secs=2
[2026-09-19T04:20:42Z] [iter=1] Step 2.7: Building position index (one-shot, shared across resolvers) mem_mb=776 MB
[2026-09-19T04:20:47Z] [iter=1] Position index built positions=60520 nodes_with_types=78309 secs=5 mem_mb=776 MB
[2026-09-19T04:20:47Z] [iter=1] Step 3: Starting LSP resolution mem_mb=776 MB already_completed_types=[] already_completed_files=0
[2026-09-19T04:20:47Z] [iter=1] Resolving target type target_type=call_site count=6010
[2026-09-19T04:21:05Z] [iter=1] HEARTBEAT target_type=call_site elapsed_min=0.6 files_done=2 resolved=314 errors=24 current=src/jinja2/environment.py
[2026-09-19T04:21:54Z] [iter=1] HEARTBEAT target_type=call_site elapsed_min=1.4 files_done=3 resolved=423 errors=148 current=src/jinja2/idtracking.py
[2026-09-19T04:22:25Z] [iter=1] HEARTBEAT target_type=call_site elapsed_min=1.9 files_done=6 resolved=780 errors=220 current=tests/test_async.py
[2026-09-19T04:26:28Z] [iter=1] HEARTBEAT target_type=call_site elapsed_min=6.0 files_done=8 resolved=994 errors=862 current=src/jinja2/runtime.py
[2026-09-19T04:27:01Z] [iter=1] HEARTBEAT target_type=call_site elapsed_min=6.5 files_done=10 resolved=1130 errors=949 current=src/jinja2/meta.py
[2026-09-19T04:27:43Z] [iter=1] HEARTBEAT target_type=call_site elapsed_min=7.2 files_done=15 resolved=1580 errors=1042 current=src/jinja2/filters.py
[2026-09-19T04:28:19Z] [iter=1] HEARTBEAT target_type=call_site elapsed_min=7.8 files_done=16 resolved=1752 errors=1134 current=src/jinja2/parser.py
[2026-09-19T04:30:03Z] [iter=1] HEARTBEAT target_type=call_site elapsed_min=9.5 files_done=17 resolved=1862 errors=1411 current=tests/test_imports.py
[2026-09-19T04:30:33Z] [iter=1] HEARTBEAT target_type=call_site elapsed_min=10.0 files_done=20 resolved=2038 errors=1473 current=tests/test_loader.py
[2026-09-19T04:31:19Z] [iter=1] HEARTBEAT target_type=call_site elapsed_min=10.8 files_done=22 resolved=2280 errors=1586 current=examples/basic/debugger.py
[2026-09-19T04:31:58Z] [iter=1] HEARTBEAT target_type=call_site elapsed_min=11.4 files_done=25 resolved=2389 errors=1688 current=tests/test_async_filters.py
[2026-09-19T04:32:32Z] [iter=1] HEARTBEAT target_type=call_site elapsed_min=12.0 files_done=31 resolved=2762 errors=1772 current=src/jinja2/debug.py
[2026-09-19T04:32:52Z] [iter=1] Target type resolved target_type=call_site resolved=3090 errors=1804 secs=725 mem_mb=776 MB
[2026-09-19T04:32:52Z] [iter=1] Resolving target type target_type=import_statement count=1
[2026-09-19T04:32:54Z] [iter=1] Target type resolved target_type=import_statement resolved=1 errors=0 secs=1 mem_mb=776 MB
[2026-09-19T04:32:59Z] [iter=1] Step 5: Writing final enrichment file triples=54328
[2026-09-19T04:33:00Z] [iter=1] Enrichment file written path=/home/runner/work/forx/forx/storage/aggregate/lsp/5962edeb271d93687eb93f32d53ffe53f86871e0.nq.gz size_kb=1030
[2026-09-19T04:33:00Z] [iter=1] PHASE END: enrich elapsed_s=749 elapsed_min=12.5 total_triples=54328
