[2026-09-19T22:25:51Z] === ENRICH ITERATION 1 START | repo=pallets/jinja sha=6e17e7dc ===
[2026-09-19T22:25:51Z] [iter=1] PHASE START: enrich repo=pallets/jinja sha=6e17e7dc runlog=/home/runner/work/forx/forx/storage/aggregate/lsp/logs/6e17e7dc-enrich-iter-001.log output=/home/runner/work/forx/forx/storage/aggregate/lsp/6e17e7dcd0102ecff92f96dff80db5dad73b8c8b.nq.gz
[2026-09-19T22:25:51Z] [iter=1] Step 1: Loading AST into disk-backed store mem_mb=78 MB
[2026-09-19T22:26:07Z] [iter=1] AST store loaded triples=884143 load_secs=15 mem_mb=775 MB
[2026-09-19T22:26:07Z] [iter=1] Step 2: Finding LSP targets mem_mb=775 MB
[2026-09-19T22:26:08Z] [iter=1] LSP targets found call_sites=4918 imports=85 extends=11 implements=0 secs=2
[2026-09-19T22:26:10Z] [iter=1] Step 2.7: Building position index (one-shot, shared across resolvers) mem_mb=775 MB
[2026-09-19T22:26:13Z] [iter=1] Position index built positions=43422 nodes_with_types=56639 secs=3 mem_mb=775 MB
[2026-09-19T22:26:13Z] [iter=1] Step 3: Starting LSP resolution mem_mb=775 MB already_completed_types=[] already_completed_files=0
[2026-09-19T22:26:13Z] [iter=1] Resolving target type target_type=call_site count=4918
[2026-09-19T22:26:47Z] [iter=1] HEARTBEAT target_type=call_site elapsed_min=0.9 files_done=1 resolved=57 errors=71 current=jinja2/testsuite/inheritance.py
[2026-09-19T22:29:05Z] [iter=1] HEARTBEAT target_type=call_site elapsed_min=3.2 files_done=3 resolved=259 errors=517 current=jinja2/runtime.py
[2026-09-19T22:29:43Z] [iter=1] HEARTBEAT target_type=call_site elapsed_min=3.9 files_done=5 resolved=373 errors=640 current=jinja2/environment.py
[2026-09-19T22:30:20Z] [iter=1] HEARTBEAT target_type=call_site elapsed_min=4.5 files_done=6 resolved=456 errors=753 current=jinja2/testsuite/security.py
[2026-09-19T22:31:15Z] [iter=1] HEARTBEAT target_type=call_site elapsed_min=5.4 files_done=8 resolved=580 errors=928 current=jinja2/testsuite/imports.py
[2026-09-19T22:32:33Z] [iter=1] HEARTBEAT target_type=call_site elapsed_min=6.7 files_done=10 resolved=631 errors=1187 current=jinja2/testsuite/api.py
[2026-09-19T22:33:18Z] [iter=1] HEARTBEAT target_type=call_site elapsed_min=7.5 files_done=11 resolved=660 errors=1337 current=jinja2/filters.py
[2026-09-19T22:35:34Z] [iter=1] HEARTBEAT target_type=call_site elapsed_min=9.7 files_done=13 resolved=812 errors=1698 current=jinja2/testsuite/ext.py
[2026-09-19T22:36:11Z] [iter=1] HEARTBEAT target_type=call_site elapsed_min=10.3 files_done=14 resolved=853 errors=1819 current=examples/rwbench/djangoext.py
[2026-09-19T22:37:52Z] [iter=1] HEARTBEAT target_type=call_site elapsed_min=12.0 files_done=19 resolved=963 errors=2151 current=jinja2/utils.py
[2026-09-19T22:38:59Z] [iter=1] HEARTBEAT target_type=call_site elapsed_min=13.1 files_done=21 resolved=1127 errors=2369 current=examples/rwbench/rwbench.py
[2026-09-19T22:39:53Z] [iter=1] HEARTBEAT target_type=call_site elapsed_min=14.0 files_done=28 resolved=1252 errors=2542 current=jinja2/testsuite/regression.py
[2026-09-19T22:40:31Z] [iter=1] HEARTBEAT target_type=call_site elapsed_min=14.7 files_done=30 resolved=1342 errors=2665 current=docs/conf.py
[2026-09-19T22:41:04Z] [iter=1] HEARTBEAT target_type=call_site elapsed_min=15.2 files_done=39 resolved=1471 errors=2766 current=jinja2/sandbox.py
[2026-09-19T22:41:35Z] [iter=1] HEARTBEAT target_type=call_site elapsed_min=15.7 files_done=48 resolved=1607 errors=2860 current=examples/basic/cycle.py
[2026-09-19T22:41:48Z] [iter=1] Target type resolved target_type=call_site resolved=1625 errors=2900 secs=935 mem_mb=775 MB
[2026-09-19T22:41:48Z] [iter=1] Resolving target type target_type=import_statement count=85
[2026-09-19T22:41:49Z] [iter=1] Target type resolved target_type=import_statement resolved=54 errors=0 secs=2 mem_mb=775 MB
[2026-09-19T22:41:49Z] [iter=1] Resolving target type target_type=extends_clause count=11
[2026-09-19T22:41:51Z] [iter=1] Target type resolved target_type=extends_clause resolved=11 errors=0 secs=1 mem_mb=775 MB
[2026-09-19T22:41:55Z] [iter=1] Step 5: Writing final enrichment file triples=43171
[2026-09-19T22:41:56Z] [iter=1] Enrichment file written path=/home/runner/work/forx/forx/storage/aggregate/lsp/6e17e7dcd0102ecff92f96dff80db5dad73b8c8b.nq.gz size_kb=1003
[2026-09-19T22:41:56Z] [iter=1] PHASE END: enrich elapsed_s=965 elapsed_min=16.1 total_triples=43171
