[2026-09-20T00:50:34Z] === ENRICH ITERATION 1 START | repo=pallets/jinja sha=75cd04fd ===
[2026-09-20T00:50:34Z] [iter=1] PHASE START: enrich repo=pallets/jinja sha=75cd04fd runlog=/home/runner/work/forx/forx/storage/aggregate/lsp/logs/75cd04fd-enrich-iter-001.log output=/home/runner/work/forx/forx/storage/aggregate/lsp/75cd04fd9876d46007ddcfaab77f922290ed1eca.nq.gz
[2026-09-20T00:50:34Z] [iter=1] Step 1: Loading AST into disk-backed store mem_mb=78 MB
[2026-09-20T00:50:45Z] [iter=1] AST store loaded triples=846772 load_secs=11 mem_mb=777 MB
[2026-09-20T00:50:45Z] [iter=1] Step 2: Finding LSP targets mem_mb=777 MB
[2026-09-20T00:50:47Z] [iter=1] LSP targets found call_sites=4521 imports=223 extends=128 implements=0 secs=1
[2026-09-20T00:50:48Z] [iter=1] Step 2.7: Building position index (one-shot, shared across resolvers) mem_mb=777 MB
[2026-09-20T00:50:50Z] [iter=1] Position index built positions=41089 nodes_with_types=53406 secs=3 mem_mb=777 MB
[2026-09-20T00:50:50Z] [iter=1] Step 3: Starting LSP resolution mem_mb=777 MB already_completed_types=[] already_completed_files=0
[2026-09-20T00:50:50Z] [iter=1] Resolving target type target_type=call_site count=4521
[2026-09-20T00:52:08Z] [iter=1] HEARTBEAT target_type=call_site elapsed_min=1.6 files_done=1 resolved=31 errors=270 current=jinja2/testsuite/filters.py
[2026-09-20T00:52:39Z] [iter=1] HEARTBEAT target_type=call_site elapsed_min=2.1 files_done=2 resolved=50 errors=372 current=jinja2/testsuite/loader.py
[2026-09-20T00:55:00Z] [iter=1] HEARTBEAT target_type=call_site elapsed_min=4.4 files_done=5 resolved=289 errors=854 current=ext/inlinegettext.py
[2026-09-20T00:55:54Z] [iter=1] HEARTBEAT target_type=call_site elapsed_min=5.3 files_done=8 resolved=346 errors=1040 current=jinja2/nodes.py
[2026-09-20T00:56:29Z] [iter=1] HEARTBEAT target_type=call_site elapsed_min=5.9 files_done=9 resolved=402 errors=1165 current=jinja2/lexer.py
[2026-09-20T00:57:05Z] [iter=1] HEARTBEAT target_type=call_site elapsed_min=6.5 files_done=11 resolved=486 errors=1283 current=jinja2/bccache.py
[2026-09-20T00:57:54Z] [iter=1] HEARTBEAT target_type=call_site elapsed_min=7.3 files_done=13 resolved=527 errors=1455 current=custom_fixers/fix_broken_reraising.py
[2026-09-20T00:58:41Z] [iter=1] HEARTBEAT target_type=call_site elapsed_min=8.1 files_done=18 resolved=695 errors=1613 current=jinja2/_markupsafe/__init__.py
[2026-09-20T00:59:22Z] [iter=1] HEARTBEAT target_type=call_site elapsed_min=8.8 files_done=20 resolved=769 errors=1751 current=jinja2/testsuite/debug.py
[2026-09-20T01:00:01Z] [iter=1] HEARTBEAT target_type=call_site elapsed_min=9.4 files_done=23 resolved=840 errors=1860 current=jinja2/_stringdefs.py
[2026-09-20T01:00:33Z] [iter=1] HEARTBEAT target_type=call_site elapsed_min=10.0 files_done=25 resolved=918 errors=1970 current=jinja2/testsuite/regression.py
[2026-09-20T01:02:39Z] [iter=1] HEARTBEAT target_type=call_site elapsed_min=12.1 files_done=27 resolved=973 errors=2336 current=jinja2/filters.py
[2026-09-20T01:03:17Z] [iter=1] HEARTBEAT target_type=call_site elapsed_min=12.7 files_done=34 resolved=1124 errors=2467 current=jinja2/visitor.py
[2026-09-20T01:03:53Z] [iter=1] HEARTBEAT target_type=call_site elapsed_min=13.3 files_done=39 resolved=1218 errors=2591 current=ext/djangojinja2.py
[2026-09-20T01:04:24Z] [iter=1] HEARTBEAT target_type=call_site elapsed_min=13.8 files_done=48 resolved=1261 errors=2699 current=custom_fixers/fix_xrange2.py
[2026-09-20T01:04:50Z] [iter=1] Target type resolved target_type=call_site resolved=1306 errors=2762 secs=840 mem_mb=777 MB
[2026-09-20T01:04:50Z] [iter=1] Resolving target type target_type=import_statement count=223
[2026-09-20T01:04:53Z] [iter=1] Target type resolved target_type=import_statement resolved=181 errors=0 secs=3 mem_mb=777 MB
[2026-09-20T01:04:53Z] [iter=1] Resolving target type target_type=extends_clause count=128
[2026-09-20T01:04:54Z] [iter=1] Target type resolved target_type=extends_clause resolved=128 errors=0 secs=1 mem_mb=777 MB
[2026-09-20T01:04:59Z] [iter=1] Step 5: Writing final enrichment file triples=41535
[2026-09-20T01:05:00Z] [iter=1] Enrichment file written path=/home/runner/work/forx/forx/storage/aggregate/lsp/75cd04fd9876d46007ddcfaab77f922290ed1eca.nq.gz size_kb=982
[2026-09-20T01:05:00Z] [iter=1] PHASE END: enrich elapsed_s=866 elapsed_min=14.4 total_triples=41535
