[2026-09-19T21:33:16Z] === ENRICH ITERATION 1 START | repo=pallets/jinja sha=770f929c ===
[2026-09-19T21:33:16Z] [iter=1] PHASE START: enrich repo=pallets/jinja sha=770f929c runlog=/home/runner/work/forx/forx/storage/aggregate/lsp/logs/770f929c-enrich-iter-001.log output=/home/runner/work/forx/forx/storage/aggregate/lsp/770f929cffdfa399d1ec49e40fbd01b3bd6187da.nq.gz
[2026-09-19T21:33:16Z] [iter=1] Step 1: Loading AST into disk-backed store mem_mb=78 MB
[2026-09-19T21:33:32Z] [iter=1] AST store loaded triples=884619 load_secs=15 mem_mb=782 MB
[2026-09-19T21:33:32Z] [iter=1] Step 2: Finding LSP targets mem_mb=782 MB
[2026-09-19T21:33:34Z] [iter=1] LSP targets found call_sites=4922 imports=85 extends=11 implements=0 secs=1
[2026-09-19T21:33:35Z] [iter=1] Step 2.7: Building position index (one-shot, shared across resolvers) mem_mb=782 MB
[2026-09-19T21:33:38Z] [iter=1] Position index built positions=43451 nodes_with_types=56674 secs=3 mem_mb=782 MB
[2026-09-19T21:33:38Z] [iter=1] Step 3: Starting LSP resolution mem_mb=782 MB already_completed_types=[] already_completed_files=0
[2026-09-19T21:33:38Z] [iter=1] Resolving target type target_type=call_site count=4922
[2026-09-19T21:34:39Z] [iter=1] HEARTBEAT target_type=call_site elapsed_min=1.4 files_done=1 resolved=79 errors=198 current=jinja2/ext.py
[2026-09-19T21:35:11Z] [iter=1] HEARTBEAT target_type=call_site elapsed_min=1.9 files_done=2 resolved=136 errors=269 current=jinja2/compiler.py
[2026-09-19T21:37:09Z] [iter=1] HEARTBEAT target_type=call_site elapsed_min=3.9 files_done=3 resolved=325 errors=660 current=jinja2/environment.py
[2026-09-19T21:37:45Z] [iter=1] HEARTBEAT target_type=call_site elapsed_min=4.5 files_done=4 resolved=408 errors=773 current=jinja2/parser.py
[2026-09-19T21:39:43Z] [iter=1] HEARTBEAT target_type=call_site elapsed_min=6.4 files_done=5 resolved=457 errors=1086 current=jinja2/testsuite/api.py
[2026-09-19T21:40:27Z] [iter=1] HEARTBEAT target_type=call_site elapsed_min=7.2 files_done=6 resolved=486 errors=1236 current=jinja2/testsuite/ext.py
[2026-09-19T21:41:04Z] [iter=1] HEARTBEAT target_type=call_site elapsed_min=7.8 files_done=7 resolved=527 errors=1357 current=jinja2/lexer.py
[2026-09-19T21:41:46Z] [iter=1] HEARTBEAT target_type=call_site elapsed_min=8.5 files_done=8 resolved=613 errors=1492 current=jinja2/utils.py
[2026-09-19T21:42:18Z] [iter=1] HEARTBEAT target_type=call_site elapsed_min=9.0 files_done=12 resolved=826 errors=1590 current=jinja2/testsuite/regression.py
[2026-09-19T21:43:04Z] [iter=1] HEARTBEAT target_type=call_site elapsed_min=9.8 files_done=15 resolved=873 errors=1746 current=scripts/make-release.py
[2026-09-19T21:44:26Z] [iter=1] HEARTBEAT target_type=call_site elapsed_min=11.2 files_done=18 resolved=964 errors=2020 current=ext/django2jinja/django2jinja.py
[2026-09-19T21:45:43Z] [iter=1] HEARTBEAT target_type=call_site elapsed_min=12.4 files_done=19 resolved=995 errors=2290 current=examples/rwbench/djangoext.py
[2026-09-19T21:46:15Z] [iter=1] HEARTBEAT target_type=call_site elapsed_min=13.0 files_done=23 resolved=1108 errors=2395 current=jinja2/sandbox.py
[2026-09-19T21:46:53Z] [iter=1] HEARTBEAT target_type=call_site elapsed_min=13.6 files_done=28 resolved=1300 errors=2508 current=jinja2/testsuite/core_tags.py
[2026-09-19T21:47:28Z] [iter=1] HEARTBEAT target_type=call_site elapsed_min=14.2 files_done=31 resolved=1391 errors=2627 current=examples/bench.py
[2026-09-19T21:48:06Z] [iter=1] HEARTBEAT target_type=call_site elapsed_min=14.8 files_done=35 resolved=1503 errors=2752 current=jinja2/_stringdefs.py
[2026-09-19T21:48:37Z] [iter=1] HEARTBEAT target_type=call_site elapsed_min=15.3 files_done=48 resolved=1618 errors=2854 current=examples/profile.py
[2026-09-19T21:48:50Z] [iter=1] Target type resolved target_type=call_site resolved=1635 errors=2898 secs=912 mem_mb=782 MB
[2026-09-19T21:48:50Z] [iter=1] Resolving target type target_type=import_statement count=85
[2026-09-19T21:48:52Z] [iter=1] Target type resolved target_type=import_statement resolved=54 errors=0 secs=2 mem_mb=782 MB
[2026-09-19T21:48:52Z] [iter=1] Resolving target type target_type=extends_clause count=11
[2026-09-19T21:48:53Z] [iter=1] Target type resolved target_type=extends_clause resolved=11 errors=0 secs=1 mem_mb=782 MB
[2026-09-19T21:48:58Z] [iter=1] Step 5: Writing final enrichment file triples=43367
[2026-09-19T21:48:59Z] [iter=1] Enrichment file written path=/home/runner/work/forx/forx/storage/aggregate/lsp/770f929cffdfa399d1ec49e40fbd01b3bd6187da.nq.gz size_kb=1006
[2026-09-19T21:48:59Z] [iter=1] PHASE END: enrich elapsed_s=942 elapsed_min=15.7 total_triples=43367
