[2026-09-19T03:50:54Z] === ENRICH ITERATION 1 START | repo=pallets/jinja sha=84c0e2cf ===
[2026-09-19T03:50:54Z] [iter=1] PHASE START: enrich repo=pallets/jinja sha=84c0e2cf runlog=/home/runner/work/forx/forx/storage/aggregate/lsp/logs/84c0e2cf-enrich-iter-001.log output=/home/runner/work/forx/forx/storage/aggregate/lsp/84c0e2cf4e58655032930aeb200b979e3c6f5f32.nq.gz
[2026-09-19T03:50:54Z] [iter=1] Step 1: Loading AST into disk-backed store mem_mb=78 MB
[2026-09-19T03:51:02Z] [iter=1] AST store loaded triples=872516 load_secs=8 mem_mb=777 MB
[2026-09-19T03:51:02Z] [iter=1] Step 2: Finding LSP targets mem_mb=777 MB
[2026-09-19T03:51:04Z] [iter=1] LSP targets found call_sites=5993 imports=0 extends=0 implements=0 secs=2
[2026-09-19T03:51:05Z] [iter=1] Step 2.7: Building position index (one-shot, shared across resolvers) mem_mb=777 MB
[2026-09-19T03:51:08Z] [iter=1] Position index built positions=60308 nodes_with_types=78047 secs=3 mem_mb=777 MB
[2026-09-19T03:51:08Z] [iter=1] Step 3: Starting LSP resolution mem_mb=777 MB already_completed_types=[] already_completed_files=0
[2026-09-19T03:51:08Z] [iter=1] Resolving target type target_type=call_site count=5993
[2026-09-19T03:51:24Z] [iter=1] HEARTBEAT target_type=call_site elapsed_min=0.5 files_done=3 resolved=471 errors=21 current=tests/test_ext.py
[2026-09-19T03:54:04Z] [iter=1] HEARTBEAT target_type=call_site elapsed_min=3.2 files_done=6 resolved=907 errors=661 current=tests/test_core_tags.py
[2026-09-19T03:54:42Z] [iter=1] HEARTBEAT target_type=call_site elapsed_min=3.8 files_done=9 resolved=1180 errors=792 current=tests/test_api.py
[2026-09-19T03:55:53Z] [iter=1] HEARTBEAT target_type=call_site elapsed_min=5.0 files_done=11 resolved=1479 errors=1077 current=tests/test_utils.py
[2026-09-19T03:56:36Z] [iter=1] HEARTBEAT target_type=call_site elapsed_min=5.7 files_done=18 resolved=1894 errors=1244 current=tests/test_loader.py
[2026-09-19T03:57:16Z] [iter=1] HEARTBEAT target_type=call_site elapsed_min=6.4 files_done=22 resolved=2268 errors=1397 current=scripts/generate_identifier_pattern.py
[2026-09-19T03:57:58Z] [iter=1] HEARTBEAT target_type=call_site elapsed_min=7.1 files_done=27 resolved=2454 errors=1565 current=src/jinja2/idtracking.py
[2026-09-19T03:58:40Z] [iter=1] HEARTBEAT target_type=call_site elapsed_min=7.8 files_done=33 resolved=2786 errors=1732 current=examples/basic/cycle.py
[2026-09-19T03:58:56Z] [iter=1] Target type resolved target_type=call_site resolved=3090 errors=1782 secs=468 mem_mb=777 MB
[2026-09-19T03:59:01Z] [iter=1] Step 5: Writing final enrichment file triples=53960
[2026-09-19T03:59:01Z] [iter=1] Enrichment file written path=/home/runner/work/forx/forx/storage/aggregate/lsp/84c0e2cf4e58655032930aeb200b979e3c6f5f32.nq.gz size_kb=1020
[2026-09-19T03:59:01Z] [iter=1] PHASE END: enrich elapsed_s=488 elapsed_min=8.1 total_triples=53960
