[2026-09-18T11:02:48Z] === ENRICH ITERATION 1 START | repo=pallets/jinja sha=877f6e51 ===
[2026-09-18T11:02:48Z] [iter=1] PHASE START: enrich repo=pallets/jinja sha=877f6e51 runlog=/home/runner/work/forx/forx/storage/aggregate/lsp/logs/877f6e51-enrich-iter-001.log output=/home/runner/work/forx/forx/storage/aggregate/lsp/877f6e51be8e1765b06d911cfaa9033775f051d1.nq.gz
[2026-09-18T11:02:51Z] [iter=1] Step 1: Loading AST into disk-backed store mem_mb=80 MB
[2026-09-18T11:02:58Z] [iter=1] AST store loaded triples=897009 load_secs=7 mem_mb=778 MB
[2026-09-18T11:02:58Z] [iter=1] Step 2: Finding LSP targets mem_mb=778 MB
[2026-09-18T11:03:01Z] [iter=1] LSP targets found call_sites=6154 imports=0 extends=0 implements=0 secs=3
[2026-09-18T11:03:03Z] [iter=1] Step 2.7: Building position index (one-shot, shared across resolvers) mem_mb=778 MB
[2026-09-18T11:03:08Z] [iter=1] Position index built positions=62023 nodes_with_types=80195 secs=5 mem_mb=778 MB
[2026-09-18T11:03:08Z] [iter=1] Step 3: Starting LSP resolution mem_mb=778 MB already_completed_types=[] already_completed_files=0
[2026-09-18T11:03:08Z] [iter=1] Resolving target type target_type=call_site count=6154
[2026-09-18T11:03:31Z] [iter=1] HEARTBEAT target_type=call_site elapsed_min=0.7 files_done=1 resolved=22 errors=56 current=tests/test_filters.py
[2026-09-18T11:04:03Z] [iter=1] HEARTBEAT target_type=call_site elapsed_min=1.3 files_done=4 resolved=259 errors=121 current=src/jinja2/compiler.py
[2026-09-18T11:08:00Z] [iter=1] HEARTBEAT target_type=call_site elapsed_min=5.2 files_done=5 resolved=389 errors=757 current=tests/test_nativetypes.py
[2026-09-18T11:08:50Z] [iter=1] HEARTBEAT target_type=call_site elapsed_min=6.0 files_done=8 resolved=600 errors=880 current=tests/test_imports.py
[2026-09-18T11:10:54Z] [iter=1] HEARTBEAT target_type=call_site elapsed_min=8.1 files_done=14 resolved=1335 errors=1178 current=src/jinja2/sandbox.py
[2026-09-18T11:11:56Z] [iter=1] HEARTBEAT target_type=call_site elapsed_min=9.1 files_done=17 resolved=1597 errors=1339 current=src/jinja2/tests.py
[2026-09-18T11:12:57Z] [iter=1] HEARTBEAT target_type=call_site elapsed_min=10.1 files_done=20 resolved=1830 errors=1499 current=tests/test_compile.py
[2026-09-18T11:13:57Z] [iter=1] HEARTBEAT target_type=call_site elapsed_min=11.1 files_done=24 resolved=2251 errors=1657 current=tests/test_inheritance.py
[2026-09-18T11:14:38Z] [iter=1] HEARTBEAT target_type=call_site elapsed_min=11.8 files_done=33 resolved=2879 errors=1743 current=src/jinja2/nativetypes.py
[2026-09-18T11:15:08Z] [iter=1] HEARTBEAT target_type=call_site elapsed_min=12.3 files_done=40 resolved=3071 errors=1817 current=docs/examples/cache_extension.py
[2026-09-18T11:15:15Z] [iter=1] Target type resolved target_type=call_site resolved=3165 errors=1831 secs=727 mem_mb=778 MB
[2026-09-18T11:15:21Z] [iter=1] Step 5: Writing final enrichment file triples=55344
[2026-09-18T11:15:22Z] [iter=1] Enrichment file written path=/home/runner/work/forx/forx/storage/aggregate/lsp/877f6e51be8e1765b06d911cfaa9033775f051d1.nq.gz size_kb=1041
[2026-09-18T11:15:22Z] [iter=1] PHASE END: enrich elapsed_s=754 elapsed_min=12.6 total_triples=55344
