[2026-09-19T23:11:48Z] === ENRICH ITERATION 1 START | repo=pallets/jinja sha=abfbc188 ===
[2026-09-19T23:11:48Z] [iter=1] PHASE START: enrich repo=pallets/jinja sha=abfbc188 runlog=/home/runner/work/forx/forx/storage/aggregate/lsp/logs/abfbc188-enrich-iter-001.log output=/home/runner/work/forx/forx/storage/aggregate/lsp/abfbc18822ebbdd3d284f4907d26d4e810c3c082.nq.gz
[2026-09-19T23:11:48Z] [iter=1] Step 1: Loading AST into disk-backed store mem_mb=78 MB
[2026-09-19T23:11:56Z] [iter=1] AST store loaded triples=867023 load_secs=8 mem_mb=785 MB
[2026-09-19T23:11:56Z] [iter=1] Step 2: Finding LSP targets mem_mb=785 MB
[2026-09-19T23:11:58Z] [iter=1] LSP targets found call_sites=4673 imports=108 extends=24 implements=0 secs=2
[2026-09-19T23:11:59Z] [iter=1] Step 2.7: Building position index (one-shot, shared across resolvers) mem_mb=785 MB
[2026-09-19T23:12:03Z] [iter=1] Position index built positions=42411 nodes_with_types=55126 secs=4 mem_mb=785 MB
[2026-09-19T23:12:03Z] [iter=1] Step 3: Starting LSP resolution mem_mb=785 MB already_completed_types=[] already_completed_files=0
[2026-09-19T23:12:03Z] [iter=1] Resolving target type target_type=call_site count=4673
[2026-09-19T23:14:24Z] [iter=1] HEARTBEAT target_type=call_site elapsed_min=2.6 files_done=1 resolved=50 errors=312 current=jinja2/compiler.py
[2026-09-19T23:16:49Z] [iter=1] HEARTBEAT target_type=call_site elapsed_min=5.0 files_done=2 resolved=242 errors=698 current=jinja2/testsuite/api.py
[2026-09-19T23:17:42Z] [iter=1] HEARTBEAT target_type=call_site elapsed_min=5.9 files_done=3 resolved=262 errors=840 current=jinja2/_markupsafe/__init__.py
[2026-09-19T23:18:15Z] [iter=1] HEARTBEAT target_type=call_site elapsed_min=6.4 files_done=6 resolved=314 errors=930 current=jinja2/runtime.py
[2026-09-19T23:19:12Z] [iter=1] HEARTBEAT target_type=call_site elapsed_min=7.4 files_done=8 resolved=414 errors=1077 current=jinja2/testsuite/utils.py
[2026-09-19T23:19:50Z] [iter=1] HEARTBEAT target_type=call_site elapsed_min=8.0 files_done=10 resolved=491 errors=1153 current=jinja2/lexer.py
[2026-09-19T23:20:48Z] [iter=1] HEARTBEAT target_type=call_site elapsed_min=9.0 files_done=12 resolved=600 errors=1306 current=ext/django2jinja/django2jinja.py
[2026-09-19T23:22:26Z] [iter=1] HEARTBEAT target_type=call_site elapsed_min=10.6 files_done=13 resolved=631 errors=1576 current=examples/basic/test.py
[2026-09-19T23:23:20Z] [iter=1] HEARTBEAT target_type=call_site elapsed_min=11.5 files_done=17 resolved=717 errors=1720 current=jinja2/testsuite/lexnparse.py
[2026-09-19T23:24:06Z] [iter=1] HEARTBEAT target_type=call_site elapsed_min=12.3 files_done=18 resolved=756 errors=1843 current=jinja2/nodes.py
[2026-09-19T23:24:48Z] [iter=1] HEARTBEAT target_type=call_site elapsed_min=13.0 files_done=20 resolved=845 errors=1955 current=jinja2/loaders.py
[2026-09-19T23:25:21Z] [iter=1] HEARTBEAT target_type=call_site elapsed_min=13.5 files_done=24 resolved=993 errors=2039 current=jinja2/filters.py
[2026-09-19T23:26:29Z] [iter=1] HEARTBEAT target_type=call_site elapsed_min=14.7 files_done=28 resolved=1115 errors=2223 current=jinja2/sandbox.py
[2026-09-19T23:27:01Z] [iter=1] HEARTBEAT target_type=call_site elapsed_min=15.2 files_done=32 resolved=1215 errors=2305 current=jinja2/testsuite/security.py
[2026-09-19T23:27:35Z] [iter=1] HEARTBEAT target_type=call_site elapsed_min=15.8 files_done=36 resolved=1313 errors=2394 current=jinja2/testsuite/tests.py
[2026-09-19T23:28:18Z] [iter=1] HEARTBEAT target_type=call_site elapsed_min=16.5 files_done=39 resolved=1363 errors=2509 current=jinja2/optimizer.py
[2026-09-19T23:28:49Z] [iter=1] HEARTBEAT target_type=call_site elapsed_min=17.0 files_done=51 resolved=1451 errors=2587 current=jinja2/testsuite/debug.py
[2026-09-19T23:29:06Z] [iter=1] Target type resolved target_type=call_site resolved=1473 errors=2626 secs=1023 mem_mb=785 MB
[2026-09-19T23:29:06Z] [iter=1] Resolving target type target_type=import_statement count=108
[2026-09-19T23:29:08Z] [iter=1] Target type resolved target_type=import_statement resolved=77 errors=0 secs=2 mem_mb=785 MB
[2026-09-19T23:29:08Z] [iter=1] Resolving target type target_type=extends_clause count=24
[2026-09-19T23:29:09Z] [iter=1] Target type resolved target_type=extends_clause resolved=24 errors=0 secs=1 mem_mb=785 MB
[2026-09-19T23:29:13Z] [iter=1] Step 5: Writing final enrichment file triples=40536
[2026-09-19T23:29:14Z] [iter=1] Enrichment file written path=/home/runner/work/forx/forx/storage/aggregate/lsp/abfbc18822ebbdd3d284f4907d26d4e810c3c082.nq.gz size_kb=958
[2026-09-19T23:29:14Z] [iter=1] PHASE END: enrich elapsed_s=1046 elapsed_min=17.4 total_triples=40536
