[2026-09-19T01:15:29Z] === ENRICH ITERATION 1 START | repo=pallets/jinja sha=b08cd4bc ===
[2026-09-19T01:15:29Z] [iter=1] PHASE START: enrich repo=pallets/jinja sha=b08cd4bc runlog=/home/runner/work/forx/forx/storage/aggregate/lsp/logs/b08cd4bc-enrich-iter-001.log output=/home/runner/work/forx/forx/storage/aggregate/lsp/b08cd4bc64bb980df86ed2876978ae5735572280.nq.gz
[2026-09-19T01:15:29Z] [iter=1] Step 1: Loading AST into disk-backed store mem_mb=78 MB
[2026-09-19T01:15:37Z] [iter=1] AST store loaded triples=874184 load_secs=7 mem_mb=777 MB
[2026-09-19T01:15:37Z] [iter=1] Step 2: Finding LSP targets mem_mb=777 MB
[2026-09-19T01:15:39Z] [iter=1] LSP targets found call_sites=6005 imports=0 extends=0 implements=0 secs=3
[2026-09-19T01:15:41Z] [iter=1] Step 2.7: Building position index (one-shot, shared across resolvers) mem_mb=777 MB
[2026-09-19T01:15:46Z] [iter=1] Position index built positions=60421 nodes_with_types=78188 secs=5 mem_mb=777 MB
[2026-09-19T01:15:46Z] [iter=1] Step 3: Starting LSP resolution mem_mb=777 MB already_completed_types=[] already_completed_files=0
[2026-09-19T01:15:46Z] [iter=1] Resolving target type target_type=call_site count=6005
[2026-09-19T01:17:30Z] [iter=1] HEARTBEAT target_type=call_site elapsed_min=2.0 files_done=1 resolved=110 errors=277 current=src/jinja2/lexer.py
[2026-09-19T01:18:07Z] [iter=1] HEARTBEAT target_type=call_site elapsed_min=2.6 files_done=3 resolved=509 errors=356 current=docs/examples/inline_gettext_extension.py
[2026-09-19T01:19:02Z] [iter=1] HEARTBEAT target_type=call_site elapsed_min=3.5 files_done=6 resolved=735 errors=487 current=tests/test_inheritance.py
[2026-09-19T01:19:50Z] [iter=1] HEARTBEAT target_type=call_site elapsed_min=4.3 files_done=8 resolved=927 errors=610 current=tests/test_security.py
[2026-09-19T01:20:38Z] [iter=1] HEARTBEAT target_type=call_site elapsed_min=5.1 files_done=12 resolved=1477 errors=719 current=src/jinja2/idtracking.py
[2026-09-19T01:21:08Z] [iter=1] HEARTBEAT target_type=call_site elapsed_min=5.6 files_done=14 resolved=1547 errors=802 current=tests/test_tests.py
[2026-09-19T01:21:40Z] [iter=1] HEARTBEAT target_type=call_site elapsed_min=6.2 files_done=18 resolved=1790 errors=877 current=src/jinja2/filters.py
[2026-09-19T01:22:15Z] [iter=1] HEARTBEAT target_type=call_site elapsed_min=6.8 files_done=19 resolved=1963 errors=972 current=tests/test_idtracking.py
[2026-09-19T01:26:01Z] [iter=1] HEARTBEAT target_type=call_site elapsed_min=10.5 files_done=22 resolved=2284 errors=1589 current=scripts/generate_identifier_pattern.py
[2026-09-19T01:26:47Z] [iter=1] HEARTBEAT target_type=call_site elapsed_min=11.3 files_done=30 resolved=2683 errors=1692 current=tests/test_utils.py
[2026-09-19T01:27:19Z] [iter=1] HEARTBEAT target_type=call_site elapsed_min=11.8 files_done=40 resolved=2993 errors=1767 current=examples/basic/test_loop_filter.py
[2026-09-19T01:27:28Z] [iter=1] Target type resolved target_type=call_site resolved=3099 errors=1786 secs=701 mem_mb=777 MB
[2026-09-19T01:27:33Z] [iter=1] Step 5: Writing final enrichment file triples=54120
[2026-09-19T01:27:34Z] [iter=1] Enrichment file written path=/home/runner/work/forx/forx/storage/aggregate/lsp/b08cd4bc64bb980df86ed2876978ae5735572280.nq.gz size_kb=1024
[2026-09-19T01:27:34Z] [iter=1] PHASE END: enrich elapsed_s=725 elapsed_min=12.1 total_triples=54120
