[2026-09-18T17:03:55Z] === ENRICH ITERATION 1 START | repo=pallets/jinja sha=dd4a8b54 ===
[2026-09-18T17:03:55Z] [iter=1] PHASE START: enrich repo=pallets/jinja sha=dd4a8b54 runlog=/home/runner/work/forx/forx/storage/aggregate/lsp/logs/dd4a8b54-enrich-iter-001.log output=/home/runner/work/forx/forx/storage/aggregate/lsp/dd4a8b5466d8790540c181590b14db4d4d889d57.nq.gz
[2026-09-18T17:03:58Z] [iter=1] Step 1: Loading AST into disk-backed store mem_mb=80 MB
[2026-09-18T17:04:05Z] [iter=1] AST store loaded triples=878108 load_secs=6 mem_mb=777 MB
[2026-09-18T17:04:05Z] [iter=1] Step 2: Finding LSP targets mem_mb=777 MB
[2026-09-18T17:04:07Z] [iter=1] LSP targets found call_sites=6017 imports=0 extends=0 implements=0 secs=3
[2026-09-18T17:04:09Z] [iter=1] Step 2.7: Building position index (one-shot, shared across resolvers) mem_mb=777 MB
[2026-09-18T17:04:14Z] [iter=1] Position index built positions=60698 nodes_with_types=78523 secs=5 mem_mb=777 MB
[2026-09-18T17:04:14Z] [iter=1] Step 3: Starting LSP resolution mem_mb=777 MB already_completed_types=[] already_completed_files=0
[2026-09-18T17:04:14Z] [iter=1] Resolving target type target_type=call_site count=6017
[2026-09-18T17:08:01Z] [iter=1] HEARTBEAT target_type=call_site elapsed_min=4.1 files_done=1 resolved=125 errors=615 current=src/jinja2/nativetypes.py
[2026-09-18T17:08:44Z] [iter=1] HEARTBEAT target_type=call_site elapsed_min=4.8 files_done=4 resolved=298 errors=717 current=tests/test_lexnparse.py
[2026-09-18T17:10:50Z] [iter=1] HEARTBEAT target_type=call_site elapsed_min=6.9 files_done=7 resolved=796 errors=1035 current=src/jinja2/loaders.py
[2026-09-18T17:11:47Z] [iter=1] HEARTBEAT target_type=call_site elapsed_min=7.9 files_done=11 resolved=1197 errors=1176 current=src/jinja2/environment.py
[2026-09-18T17:12:33Z] [iter=1] HEARTBEAT target_type=call_site elapsed_min=8.6 files_done=12 resolved=1303 errors=1299 current=src/jinja2/lexer.py
[2026-09-18T17:13:11Z] [iter=1] HEARTBEAT target_type=call_site elapsed_min=9.3 files_done=14 resolved=1588 errors=1392 current=tests/test_async.py
[2026-09-18T17:13:41Z] [iter=1] HEARTBEAT target_type=call_site elapsed_min=9.8 files_done=17 resolved=1733 errors=1465 current=src/jinja2/filters.py
[2026-09-18T17:14:17Z] [iter=1] HEARTBEAT target_type=call_site elapsed_min=10.4 files_done=18 resolved=1910 errors=1560 current=tests/test_imports.py
[2026-09-18T17:14:47Z] [iter=1] HEARTBEAT target_type=call_site elapsed_min=10.9 files_done=25 resolved=2517 errors=1618 current=scripts/generate_identifier_pattern.py
[2026-09-18T17:15:29Z] [iter=1] HEARTBEAT target_type=call_site elapsed_min=11.6 files_done=31 resolved=2687 errors=1724 current=docs/examples/cache_extension.py
[2026-09-18T17:15:54Z] [iter=1] Target type resolved target_type=call_site resolved=3109 errors=1784 secs=699 mem_mb=777 MB
[2026-09-18T17:15:59Z] [iter=1] Step 5: Writing final enrichment file triples=54221
[2026-09-18T17:16:00Z] [iter=1] Enrichment file written path=/home/runner/work/forx/forx/storage/aggregate/lsp/dd4a8b5466d8790540c181590b14db4d4d889d57.nq.gz size_kb=1026
[2026-09-18T17:16:00Z] [iter=1] PHASE END: enrich elapsed_s=725 elapsed_min=12.1 total_triples=54221
